> Task :app:checkKotlinGradlePluginConfigurationErrors SKIPPED
> Task :app:preBuild UP-TO-DATE
> Task :app:preDebugBuild UP-TO-DATE
> Task :app:generateDebugBuildConfig UP-TO-DATE
> Task :app:checkDebugAarMetadata UP-TO-DATE
> Task :app:processDebugNavigationResources UP-TO-DATE
> Task :app:compileDebugNavigationResources UP-TO-DATE
> Task :app:generateDebugResValues UP-TO-DATE
> Task :app:processDebugGoogleServices UP-TO-DATE
> Task :app:mapDebugSourceSetPaths UP-TO-DATE
> Task :app:generateDebugResources UP-TO-DATE
> Task :app:mergeDebugResources UP-TO-DATE
> Task :app:packageDebugResources UP-TO-DATE
> Task :app:parseDebugLocalResources UP-TO-DATE
> Task :app:createDebugCompatibleScreenManifests UP-TO-DATE
> Task :app:extractDeepLinksDebug UP-TO-DATE
> Task :app:processDebugMainManifest UP-TO-DATE
> Task :app:processDebugManifest UP-TO-DATE
> Task :app:processDebugManifestForPackage UP-TO-DATE
> Task :app:processDebugResources UP-TO-DATE

> Task :app:compileDebugKotlin FAILED
./gradlew : e: file:///C:/Users/vince/AndroidStudioProjects/ProjectBMI/app/src/main/
java/com/example/projectbmi/ui/screens/HistoryScreen.kt:60:38 Smart cast to 
'com.example.projectbmi.model.HistoryUiState.Success' is impossible, because 
'uiState' is a delegated property.
At line:1 char:1
+ ./gradlew compileDebugKotlin 2>&1 | Tee-Object -FilePath "build_error ...
+ ~~~~~~~~~~~~~~~~~~~~~~~~~~~~~~~~~
    + CategoryInfo          : NotSpecified: (e: file:///C:/U...gated property.:Stri 
   ng) [], RemoteException
    + FullyQualifiedErrorId : NativeCommandError
 
e: file:///C:/Users/vince/AndroidStudioProjects/ProjectBMI/app/src/main/java/com/exa
mple/projectbmi/ui/screens/HistoryScreen.kt:61:39 Smart cast to 
'com.example.projectbmi.model.HistoryUiState.Success' is impossible, because 
'uiState' is a delegated property.
e: file:///C:/Users/vince/AndroidStudioProjects/ProjectBMI/app/src/main/java/com/exa
mple/projectbmi/ui/screens/HistoryScreen.kt:68:42 Smart cast to 
'com.example.projectbmi.model.HistoryUiState.Error' is impossible, because 
'uiState' is a delegated property.
e: file:///C:/Users/vince/AndroidStudioProjects/ProjectBMI/app/src/main/java/com/exa
mple/projectbmi/viewmodel/HistoryViewModel.kt:171:29 Operator '==' cannot be 
applied to 'java.time.LocalDate!' and 'kotlin.String'.

FAILURE: Build failed with an exception.

* What went wrong:
Execution failed for task ':app:compileDebugKotlin'.
> A failure occurred while executing org.jetbrains.kotlin.compilerRunner.GradleCompi
lerRunnerWithWorkers$GradleKotlinCompilerWorkAction
   > Compilation error. See log for more details

* Try:
> Run with --stacktrace option to get the stack trace.
> Run with --info or --debug option to get more log output.
> Run with --scan to get full insights.
> Get more help at https://help.gradle.org.

BUILD FAILED in 2s
18 actionable tasks: 1 executed, 17 up-to-date
